---
schema:
  paths:
    - tests
databases:
  master:
    dsn: 'sqlite::memory:'
    query_options:
      quote_table: true
    driver: sqlite
    user: null
    password: null
    connection_options: {  }
  mysql:
    dsn: 'mysql:host=localhost;dbname=testing'
    user: root
    driver: mysql
    host: localhost
    database: testing
    password: null
    query_options: {  }
    connection_options:
      1002: 'SET NAMES utf8'
  pgsql:
    dsn: 'pgsql:host=localhost;dbname=testing'
    user: postgres
    driver: pgsql
    host: localhost
    database: testing
    password: null
    query_options: {  }
    connection_options: {  }
  shard1:
    driver: mysql
    connection_options:
      1002: 'SET NAMES utf8'
    host: localhost
    user: c9s
    password: '12341234'
    database: shard1
    dsn: 'mysql:host=localhost;dbname=shard1'
