---
cli:
  bootstrap: vendor/autoload.php
schema:
  auto_id: true
  base_record: \Maghead\Runtime\Record
  base_collection: \Maghead\Runtime\Collection
  paths:
    - tests
instance:
  local:
    driver: mysql
    host: localhost
    user: root
    password: null
    query_options: {  }
    connection_options:
      1002: 'SET NAMES utf8'
    dsn: 'mysql:host=localhost'
sharding:
  mappings:
    M_store_id:
      key: store_id
      shards:
        - node1
        - node2
        - node3
      hash: true
      chunks:
        - { from: 0, index: 536870912, shard: node1 }
        - { from: 536870912, index: 1073741824, shard: node1 }
        - { from: 1073741824, index: 1610612736, shard: node1 }
        - { from: 1610612736, index: 2147483648, shard: node2 }
        - { from: 2147483648, index: 2684354560, shard: node2 }
        - { from: 2684354560, index: 3221225472, shard: node2 }
        - { from: 3221225472, index: 3758096384, shard: node3 }
        - { from: 3758096384, index: 4294967296, shard: node3 }
databases:
  master:
    driver: mysql
    user: root
    password: null
    database: testing
    host: localhost
    query_options: {  }
    connection_options:
      1002: 'SET NAMES utf8'
    dsn: 'mysql:host=localhost;dbname=testing'
  node1:
    driver: mysql
    host: localhost
    user: root
    password: null
    database: s1
    query_options: {  }
    connection_options:
      1002: 'SET NAMES utf8'
    dsn: 'mysql:host=localhost;dbname=s1'
  node2:
    host: localhost
    user: root
    driver: mysql
    password: null
    database: s2
    query_options: {  }
    connection_options:
      1002: 'SET NAMES utf8'
    dsn: 'mysql:host=localhost;dbname=s2'
  node3:
    driver: mysql
    host: localhost
    user: root
    password: null
    database: s3
    query_options: {  }
    connection_options:
      1002: 'SET NAMES utf8'
    dsn: 'mysql:host=localhost;dbname=s3'
