---
schema:
  paths:
    - tests
databases:
  master:
    dsn: 'sqlite::memory:'
    query_options:
      quote_table: true
    driver: sqlite
    user: null
    password: null
    connection_options: {  }
  pgsql:
    dsn: 'pgsql:host=localhost;dbname=testing'
    user: postgres
    driver: pgsql
    host: localhost
    database: testing
    password: null
    query_options: {  }
    connection_options: {  }
