<?php

use Magsql\Universal\Syntax\Column;
use Magsql\Universal\Query\AlterTableQuery;
use Magsql\Universal\Query\CreateTableQuery;
use Magsql\Universal\Query\UpdateTableQuery;
use Magsql\Universal\Query\DeleteTableQuery;
use Magsql\Universal\Query\InsertTableQuery;
use Magsql\Universal\Query\CreateIndexQuery;
use Magsql\Universal\Query\UnionQuery;
use Magsql\Bind;
use Magsql\ArgumentArray;
use Magsql\Literal;

class UpdateUser_1346515200
    extends Maghead\Migration\Migration
{

    public function upgrade()
    {
    }

    public function downgrade()
    {
    }
}
