<?php
use Magsql\Universal\Syntax\Column;
use Magsql\Universal\Query\AlterTableQuery;
use Magsql\Universal\Query\CreateTableQuery;
use Magsql\Universal\Query\UpdateTableQuery;
use Magsql\Universal\Query\DeleteTableQuery;
use Magsql\Universal\Query\InsertTableQuery;
use Magsql\Universal\Query\CreateIndexQuery;
use Magsql\Universal\Query\UnionQuery;
use Magsql\Bind;
use Magsql\ArgumentArray;
use Magsql\Literal;
class DiffMigration_1325347200
    extends Maghead\Migration\Migration
{
    public function upgrade()
    {
        $this->query('ALTER TABLE `users` MODIFY COLUMN `account` varchar(128) NOT NULL');
        $this->query('ALTER TABLE `users` ADD COLUMN `id` int UNSIGNED NOT NULL PRIMARY KEY AUTO_INCREMENT');
        $this->query('ALTER TABLE `users` ADD COLUMN `password` varchar(256)');
    }
    public function downgrade()
    {
        $this->query('ALTER TABLE `users` MODIFY COLUMN `account` varchar(128) NULL');
        $this->query('ALTER TABLE `users` DROP COLUMN `id`');
        $this->query('ALTER TABLE `users` DROP COLUMN `password`');
    }
}
